id|height   |nickname|num|
2 |2.000000 |'2'     |2  |
3 |3.000000 |'3'     |3  |
4 |4.000000 |'4'     |4  |
5 |5.000000 |'5'     |5  |
6 |6.000000 |'6'     |6  |
7 |7.000000 |'7'     |7  |
8 |8.000000 |'8'     |8  |
9 |9.000000 |'9'     |9  |
10|10.000000|'10'    |10 |
11|11.000000|'11'    |11 |
12|12.000000|'12'    |12 |
13|13.000000|'13'    |13 |
14|14.000000|'14'    |14 |
16|16.000000|'16'    |16 |
17|17.000000|'17'    |17 |
19|19.000000|'19'    |19 |
20|20.000000|'20'    |20 |