id|f1       |f2       |
1 |22.000000|55.000000|
2 |5.600000 |5.600000 |
3 |44.000000|50.000000|
1 |3.400000 |5.600000 |
3 |9.000000 |99.000000|

f1       |f2       |
77.000000|2.000000 |
66.000000|2.000000 |
11.000000|2.000000 |
1        |22.000000|
2        |5.600000 |
3        |44.000000|
1        |3.400000 |
3        |9.000000 |

id|f2       |
1 |2.000000 |
2 |2.000000 |
3 |2.000000 |
1 |55.000000|
2 |5.600000 |
3 |50.000000|

id|f1       |f2       |
1 |22.000000|55.000000|
2 |5.600000 |5.600000 |
3 |44.000000|50.000000|
1 |3.400000 |5.600000 |
3 |9.000000 |99.000000|

f1       |f2      |
77.000000|2.000000|
66.000000|2.000000|
11.000000|2.000000|

id|f1       |f2       |
1 |77.000000|2.000000 |
2 |66.000000|2.000000 |
3 |11.000000|2.000000 |
1 |22.000000|55.000000|
2 |5.600000 |5.600000 |
3 |44.000000|50.000000|
1 |3.400000 |5.600000 |
3 |9.000000 |99.000000|

f2      |
5.600000|
5.600000|
5.600000|

id|f1      |f2      |
4 |4.000000|4.000000|
