Success
CREATE TABLE t(id INT PRIMARY KEY NOT NULL, height FLOAT, nickname CHAR(50));
Success
Success
Success
Success
Success
Success
Success
Success
Success
Success
Success
Success
Success
Success
Success
Success

id|height    |nickname     |
1 |170.000000|'hello'      |
2 |180.000000|'world'      |
3 |          |             |
4 |120.300000|             |
5 |110.300000|             |
6 |120.300000|             |
7 |150.000000|             |
8 |120.000000|             |
9 |120.000000|             |
10|400.000000|'poilkj'     |
11|10.900000 |'qqqwww'     |
12|10.000000 |             |
13|20.000000 |'asdfkljasdf'|
14|          |'eoeoe'      |
15|          |'qweqwe'     |
16|170.000000|'hello'      |
Success

Success
