Testing select

id|name   |age      |score|
1 |'hello'|20.000000|20   |
2 |'world'|10.000000|230  |

id|
1 |
2 |

age      |
20.000000|
10.000000|

id|name   |
1 |'hello'|
2 |'world'|

id|name   |age      |score|
1 |'hello'|20.000000|20   |
2 |'world'|10.000000|230  |

name   |name   |name   |
'hello'|'hello'|'hello'|
'world'|'world'|'world'|

id|name|age      |score|
1 |'1' |1.000000 |1    |
2 |'2' |2.000000 |2    |
3 |'3' |3.000000 |3    |
4 |'4' |4.000000 |4    |
5 |'5' |5.000000 |5    |
6 |'6' |6.000000 |6    |
7 |'7' |7.000000 |7    |
8 |'8' |8.000000 |8    |
9 |'9' |9.000000 |9    |
10|'10'|10.000000|10   |
11|'11'|11.000000|11   |
12|'12'|12.000000|12   |
13|'13'|13.000000|13   |
14|'14'|14.000000|14   |
15|'15'|15.000000|15   |
16|'16'|16.000000|16   |
17|'17'|17.000000|17   |
18|'18'|18.000000|18   |
19|'19'|19.000000|19   |
20|'20'|20.000000|20   |

id|name|age      |score|
19|'19'|19.000000|19   |
20|'20'|20.000000|20   |

id|name|age     |score|
2 |'2' |2.000000|2    |

name|
'18'|
'19'|
'20'|

name|
'1' |
'2' |
'3' |
'4' |
'18'|
'19'|
'20'|

name|
'18'|
'19'|
'20'|

name|
'17'|
